  Thread.cpp
  Mp4frag.cpp
d:\ffmpeg-player\ffmpeg-player\mp4frag.cpp(108): warning C4244: '=': conversion from 'time_t' to 'long', possible loss of data
d:\ffmpeg-player\ffmpeg-player\mp4frag.cpp(132): warning C4018: '>': signed/unsigned mismatch
d:\ffmpeg-player\ffmpeg-player\mp4frag.cpp(152): warning C4018: '>': signed/unsigned mismatch
d:\ffmpeg-player\ffmpeg-player\mp4frag.cpp(193): warning C4018: '<': signed/unsigned mismatch
d:\ffmpeg-player\ffmpeg-player\mp4frag.cpp(222): warning C4018: '>': signed/unsigned mismatch
d:\ffmpeg-player\ffmpeg-player\mp4frag.cpp(254): warning C4018: '>': signed/unsigned mismatch
d:\ffmpeg-player\ffmpeg-player\mp4frag.cpp(277): warning C4018: '>': signed/unsigned mismatch
d:\ffmpeg-player\ffmpeg-player\mp4frag.cpp(305): warning C4018: '>': signed/unsigned mismatch
d:\ffmpeg-player\ffmpeg-player\mp4frag.cpp(342): warning C4244: '=': conversion from 'const time_t' to 'long', possible loss of data
d:\ffmpeg-player\ffmpeg-player\mp4frag.cpp(343): warning C4244: '=': conversion from 'time_t' to 'long', possible loss of data
d:\ffmpeg-player\ffmpeg-player\mp4frag.cpp(348): warning C4018: '>': signed/unsigned mismatch
  MjpegServer.cpp
d:\ffmpeg-player\ffmpeg-player\mjpegserver.h(21): fatal error C1083: Cannot open include file: 'Poco/Net/HTTPServer.h': No such file or directory
  FFmpegWrapper.cpp
d:\ffmpeg-player\ffmpeg-player\mjpegserver.h(21): fatal error C1083: Cannot open include file: 'Poco/Net/HTTPServer.h': No such file or directory
  main.cpp
d:\ffmpeg-player\ffmpeg-player\main.cpp(1): fatal error C1083: Cannot open include file: 'boost/algorithm/string_regex.hpp': No such file or directory
  base64.cpp
d:\ffmpeg-player\ffmpeg-player\base64.cpp(99): warning C4267: '=': conversion from 'size_t' to 'unsigned char', possible loss of data
d:\ffmpeg-player\ffmpeg-player\base64.cpp(113): warning C4267: '=': conversion from 'size_t' to 'unsigned char', possible loss of data
  Generating Code...
