d:\projects\player\ffmpeg-player\ffmpeg-player\x64\release\vc142.pdb
d:\projects\player\ffmpeg-player\ffmpeg-player\x64\release\thread.obj
d:\projects\player\ffmpeg-player\ffmpeg-player\x64\release\mp4frag.obj
d:\projects\player\ffmpeg-player\ffmpeg-player\x64\release\mjpegserver.obj
d:\projects\player\ffmpeg-player\ffmpeg-player\x64\release\ffmpegwrapper.obj
d:\projects\player\ffmpeg-player\ffmpeg-player\x64\release\main.obj
d:\projects\player\ffmpeg-player\ffmpeg-player\x64\release\base64.obj
d:\projects\player\ffmpeg-player\x64\release\ffmpeg-player.ipdb
d:\projects\player\ffmpeg-player\x64\release\ffmpeg-player.iobj
d:\projects\player\ffmpeg-player\ffmpeg-player\x64\release\vcpkg.applocal.log
d:\projects\player\ffmpeg-player\x64\release\boost_regex-vc142-mt-x64-1_71.dll
d:\projects\player\ffmpeg-player\x64\release\libcurl.dll
d:\projects\player\ffmpeg-player\x64\release\zlib1.dll
d:\projects\player\ffmpeg-player\x64\release\pocofoundation.dll
d:\projects\player\ffmpeg-player\x64\release\pcre.dll
d:\projects\player\ffmpeg-player\x64\release\poconet.dll
d:\projects\player\ffmpeg-player\x64\release\ffmpeg-player.exe
d:\projects\player\ffmpeg-player\x64\release\ffmpeg-player.pdb
d:\projects\player\ffmpeg-player\ffmpeg-player\x64\release\ffmpeg-player.tlog\cl.command.1.tlog
d:\projects\player\ffmpeg-player\ffmpeg-player\x64\release\ffmpeg-player.tlog\cl.read.1.tlog
d:\projects\player\ffmpeg-player\ffmpeg-player\x64\release\ffmpeg-player.tlog\cl.write.1.tlog
d:\projects\player\ffmpeg-player\ffmpeg-player\x64\release\ffmpeg-player.tlog\ffmpeg-player.write.1u.tlog
d:\projects\player\ffmpeg-player\ffmpeg-player\x64\release\ffmpeg-player.tlog\link.command.1.tlog
d:\projects\player\ffmpeg-player\ffmpeg-player\x64\release\ffmpeg-player.tlog\link.read.1.tlog
d:\projects\player\ffmpeg-player\ffmpeg-player\x64\release\ffmpeg-player.tlog\link.write.1.tlog
