d:\ffmpeg-player\ffmpeg-player\x64\debug\vc140.pdb
d:\ffmpeg-player\ffmpeg-player\x64\debug\vc140.idb
d:\ffmpeg-player\ffmpeg-player\x64\debug\base64.obj
d:\ffmpeg-player\ffmpeg-player\x64\debug\ffmpegrtsptomp4.obj
d:\ffmpeg-player\ffmpeg-player\x64\debug\ffmpegwrapper.obj
d:\ffmpeg-player\ffmpeg-player\x64\debug\mjpegserver.obj
d:\ffmpeg-player\ffmpeg-player\x64\debug\mp4frag.obj
d:\ffmpeg-player\ffmpeg-player\x64\debug\vcpkg.applocal.log
d:\ffmpeg-player\x64\debug\boost_regex-vc142-mt-gd-x64-1_70.dll
d:\ffmpeg-player\x64\debug\pocofoundationd.dll
d:\ffmpeg-player\x64\debug\pcred.dll
d:\ffmpeg-player\x64\debug\zlibd1.dll
d:\ffmpeg-player\x64\debug\poconetd.dll
d:\ffmpeg-player\x64\debug\ffmpeg-player.ilk
d:\ffmpeg-player\x64\debug\ffmpeg-player.exe
d:\ffmpeg-player\x64\debug\ffmpeg-player.pdb
d:\ffmpeg-player\ffmpeg-player\x64\debug\ffmpeg-player.tlog\cl.command.1.tlog
d:\ffmpeg-player\ffmpeg-player\x64\debug\ffmpeg-player.tlog\cl.read.1.tlog
d:\ffmpeg-player\ffmpeg-player\x64\debug\ffmpeg-player.tlog\cl.write.1.tlog
d:\ffmpeg-player\ffmpeg-player\x64\debug\ffmpeg-player.tlog\ffmpeg-player.write.1u.tlog
d:\ffmpeg-player\ffmpeg-player\x64\debug\ffmpeg-player.tlog\link.command.1.tlog
d:\ffmpeg-player\ffmpeg-player\x64\debug\ffmpeg-player.tlog\link.read.1.tlog
d:\ffmpeg-player\ffmpeg-player\x64\debug\ffmpeg-player.tlog\link.write.1.tlog
