  Mp4frag.cpp
d:\ffmpeg-player\ffmpeg-player\mp4frag.h(69): warning C4267: 'initializing': conversion from 'size_t' to 'int', possible loss of data
d:\ffmpeg-player\ffmpeg-player\mp4frag.cpp(14): warning C4267: 'initializing': conversion from 'size_t' to 'int', possible loss of data
d:\ffmpeg-player\ffmpeg-player\mp4frag.cpp(49): warning C4267: 'initializing': conversion from 'size_t' to 'int', possible loss of data
d:\ffmpeg-player\ffmpeg-player\mp4frag.cpp(109): warning C4244: '=': conversion from 'time_t' to 'long', possible loss of data
d:\ffmpeg-player\ffmpeg-player\mp4frag.cpp(123): warning C4267: '+=': conversion from 'size_t' to 'long', possible loss of data
d:\ffmpeg-player\ffmpeg-player\mp4frag.cpp(135): warning C4267: '+=': conversion from 'size_t' to 'int', possible loss of data
d:\ffmpeg-player\ffmpeg-player\mp4frag.cpp(155): warning C4267: '+=': conversion from 'size_t' to 'int', possible loss of data
d:\ffmpeg-player\ffmpeg-player\mp4frag.cpp(211): warning C4267: '=': conversion from 'size_t' to 'long', possible loss of data
d:\ffmpeg-player\ffmpeg-player\mp4frag.cpp(245): warning C4267: '+=': conversion from 'size_t' to 'long', possible loss of data
d:\ffmpeg-player\ffmpeg-player\mp4frag.cpp(257): warning C4267: '+=': conversion from 'size_t' to 'int', possible loss of data
d:\ffmpeg-player\ffmpeg-player\mp4frag.cpp(280): warning C4267: '+=': conversion from 'size_t' to 'int', possible loss of data
d:\ffmpeg-player\ffmpeg-player\mp4frag.cpp(309): warning C4267: '=': conversion from 'size_t' to 'long', possible loss of data
d:\ffmpeg-player\ffmpeg-player\mp4frag.cpp(343): warning C4244: '=': conversion from 'const time_t' to 'long', possible loss of data
d:\ffmpeg-player\ffmpeg-player\mp4frag.cpp(344): warning C4244: '=': conversion from 'time_t' to 'long', possible loss of data
  MjpegServer.cpp
d:\ffmpeg-player\ffmpeg-player\mjpegserver.cpp(87): warning C4101: 'ex': unreferenced local variable
d:\ffmpeg-player\ffmpeg-player\mjpegserver.cpp(92): warning C4101: 'exception': unreferenced local variable
  FFmpegWrapper.cpp
d:\ffmpeg-player\ffmpeg-player\ffmpegwrapper.h(172): warning C4018: '<': signed/unsigned mismatch
d:\ffmpeg-player\ffmpeg-player\ffmpegwrapper.h(244): warning C4244: '=': conversion from 'double' to 'int', possible loss of data
  FFmpegRtspToMp4.cpp
d:\ffmpeg-player\ffmpeg-player\mp4frag.h(69): warning C4267: 'initializing': conversion from 'size_t' to 'int', possible loss of data
d:\vcpkg\installed\x64-windows\include\websocketpp\frame.hpp(834): warning C4267: '=': conversion from 'size_t' to 'uint32_t', possible loss of data
d:\vcpkg\installed\x64-windows\include\websocketpp\common\md5.hpp(367): warning C4267: '+=': conversion from 'size_t' to 'websocketpp::md5::md5_word_t', possible loss of data
d:\vcpkg\installed\x64-windows\include\websocketpp\sha1\sha1.hpp(176): warning C4267: '=': conversion from 'size_t' to 'unsigned int', possible loss of data
d:\ffmpeg-player\ffmpeg-player\ffmpegwrapper.h(244): warning C4244: '=': conversion from 'double' to 'int', possible loss of data
  base64.cpp
d:\ffmpeg-player\ffmpeg-player\base64.cpp(88): warning C4267: 'initializing': conversion from 'size_t' to 'int', possible loss of data
d:\ffmpeg-player\ffmpeg-player\base64.cpp(99): warning C4267: '=': conversion from 'size_t' to 'unsigned char', possible loss of data
d:\ffmpeg-player\ffmpeg-player\base64.cpp(113): warning C4267: '=': conversion from 'size_t' to 'unsigned char', possible loss of data
  Generating Code...
d:\ffmpeg-player\ffmpeg-player\ffmpegwrapper.h(62): warning C4715: 'FFmpegWrapper::ReadFunc': not all control paths return a value
  ffmpeg-player.vcxproj -> D:\ffmpeg-player\x64\Debug\ffmpeg-player.exe
  ffmpeg-player.vcxproj -> D:\ffmpeg-player\x64\Debug\ffmpeg-player.pdb (Partial PDB)
